Archive member included to satisfy reference by file (symbol)

c:/program files (x86)/atmel/studio/7.0/toolchain/avr8/avr8-gnu-toolchain/bin/../lib/gcc/avr/5.4.0/../../../../avr/lib/avr5\libm.a(addsf3.o)
                              MCAL/Timer0/TIMER0_prog.o (__subsf3)
c:/program files (x86)/atmel/studio/7.0/toolchain/avr8/avr8-gnu-toolchain/bin/../lib/gcc/avr/5.4.0/../../../../avr/lib/avr5\libm.a(addsf3x.o)
                              c:/program files (x86)/atmel/studio/7.0/toolchain/avr8/avr8-gnu-toolchain/bin/../lib/gcc/avr/5.4.0/../../../../avr/lib/avr5\libm.a(addsf3.o) (__addsf3x)
c:/program files (x86)/atmel/studio/7.0/toolchain/avr8/avr8-gnu-toolchain/bin/../lib/gcc/avr/5.4.0/../../../../avr/lib/avr5\libm.a(cmpsf2.o)
                              MCAL/Timer0/TIMER0_prog.o (__nesf2)
c:/program files (x86)/atmel/studio/7.0/toolchain/avr8/avr8-gnu-toolchain/bin/../lib/gcc/avr/5.4.0/../../../../avr/lib/avr5\libm.a(divsf3.o)
                              MCAL/Timer0/TIMER0_prog.o (__divsf3)
c:/program files (x86)/atmel/studio/7.0/toolchain/avr8/avr8-gnu-toolchain/bin/../lib/gcc/avr/5.4.0/../../../../avr/lib/avr5\libm.a(divsf3x.o)
                              c:/program files (x86)/atmel/studio/7.0/toolchain/avr8/avr8-gnu-toolchain/bin/../lib/gcc/avr/5.4.0/../../../../avr/lib/avr5\libm.a(divsf3.o) (__divsf3x)
c:/program files (x86)/atmel/studio/7.0/toolchain/avr8/avr8-gnu-toolchain/bin/../lib/gcc/avr/5.4.0/../../../../avr/lib/avr5\libm.a(fixunssfsi.o)
                              MCAL/Timer0/TIMER0_prog.o (__fixunssfsi)
c:/program files (x86)/atmel/studio/7.0/toolchain/avr8/avr8-gnu-toolchain/bin/../lib/gcc/avr/5.4.0/../../../../avr/lib/avr5\libm.a(floatsisf.o)
                              MCAL/Timer0/TIMER0_prog.o (__floatunsisf)
c:/program files (x86)/atmel/studio/7.0/toolchain/avr8/avr8-gnu-toolchain/bin/../lib/gcc/avr/5.4.0/../../../../avr/lib/avr5\libm.a(fp_cmp.o)
                              c:/program files (x86)/atmel/studio/7.0/toolchain/avr8/avr8-gnu-toolchain/bin/../lib/gcc/avr/5.4.0/../../../../avr/lib/avr5\libm.a(cmpsf2.o) (__fp_cmp)
c:/program files (x86)/atmel/studio/7.0/toolchain/avr8/avr8-gnu-toolchain/bin/../lib/gcc/avr/5.4.0/../../../../avr/lib/avr5\libm.a(fp_inf.o)
                              c:/program files (x86)/atmel/studio/7.0/toolchain/avr8/avr8-gnu-toolchain/bin/../lib/gcc/avr/5.4.0/../../../../avr/lib/avr5\libm.a(addsf3x.o) (__fp_inf)
c:/program files (x86)/atmel/studio/7.0/toolchain/avr8/avr8-gnu-toolchain/bin/../lib/gcc/avr/5.4.0/../../../../avr/lib/avr5\libm.a(fp_nan.o)
                              c:/program files (x86)/atmel/studio/7.0/toolchain/avr8/avr8-gnu-toolchain/bin/../lib/gcc/avr/5.4.0/../../../../avr/lib/avr5\libm.a(addsf3x.o) (__fp_nan)
c:/program files (x86)/atmel/studio/7.0/toolchain/avr8/avr8-gnu-toolchain/bin/../lib/gcc/avr/5.4.0/../../../../avr/lib/avr5\libm.a(fp_pscA.o)
                              c:/program files (x86)/atmel/studio/7.0/toolchain/avr8/avr8-gnu-toolchain/bin/../lib/gcc/avr/5.4.0/../../../../avr/lib/avr5\libm.a(addsf3x.o) (__fp_pscA)
c:/program files (x86)/atmel/studio/7.0/toolchain/avr8/avr8-gnu-toolchain/bin/../lib/gcc/avr/5.4.0/../../../../avr/lib/avr5\libm.a(fp_pscB.o)
                              c:/program files (x86)/atmel/studio/7.0/toolchain/avr8/avr8-gnu-toolchain/bin/../lib/gcc/avr/5.4.0/../../../../avr/lib/avr5\libm.a(addsf3x.o) (__fp_pscB)
c:/program files (x86)/atmel/studio/7.0/toolchain/avr8/avr8-gnu-toolchain/bin/../lib/gcc/avr/5.4.0/../../../../avr/lib/avr5\libm.a(fp_round.o)
                              c:/program files (x86)/atmel/studio/7.0/toolchain/avr8/avr8-gnu-toolchain/bin/../lib/gcc/avr/5.4.0/../../../../avr/lib/avr5\libm.a(addsf3.o) (__fp_round)
c:/program files (x86)/atmel/studio/7.0/toolchain/avr8/avr8-gnu-toolchain/bin/../lib/gcc/avr/5.4.0/../../../../avr/lib/avr5\libm.a(fp_split3.o)
                              c:/program files (x86)/atmel/studio/7.0/toolchain/avr8/avr8-gnu-toolchain/bin/../lib/gcc/avr/5.4.0/../../../../avr/lib/avr5\libm.a(addsf3x.o) (__fp_split3)
c:/program files (x86)/atmel/studio/7.0/toolchain/avr8/avr8-gnu-toolchain/bin/../lib/gcc/avr/5.4.0/../../../../avr/lib/avr5\libm.a(fp_zero.o)
                              c:/program files (x86)/atmel/studio/7.0/toolchain/avr8/avr8-gnu-toolchain/bin/../lib/gcc/avr/5.4.0/../../../../avr/lib/avr5\libm.a(addsf3x.o) (__fp_zero)
c:/program files (x86)/atmel/studio/7.0/toolchain/avr8/avr8-gnu-toolchain/bin/../lib/gcc/avr/5.4.0/../../../../avr/lib/avr5\libm.a(gesf2.o)
                              MCAL/Timer0/TIMER0_prog.o (__gesf2)
c:/program files (x86)/atmel/studio/7.0/toolchain/avr8/avr8-gnu-toolchain/bin/../lib/gcc/avr/5.4.0/../../../../avr/lib/avr5\libm.a(mulsf3.o)
                              MCAL/Timer0/TIMER0_prog.o (__mulsf3)
c:/program files (x86)/atmel/studio/7.0/toolchain/avr8/avr8-gnu-toolchain/bin/../lib/gcc/avr/5.4.0/../../../../avr/lib/avr5\libm.a(mulsf3x.o)
                              c:/program files (x86)/atmel/studio/7.0/toolchain/avr8/avr8-gnu-toolchain/bin/../lib/gcc/avr/5.4.0/../../../../avr/lib/avr5\libm.a(mulsf3.o) (__mulsf3x)
c:/program files (x86)/atmel/studio/7.0/toolchain/avr8/avr8-gnu-toolchain/bin/../lib/gcc/avr/5.4.0/avr5\libgcc.a(_exit.o)
                              C:/Program Files (x86)/Atmel/Studio/7.0/Packs/atmel/ATmega_DFP/1.7.374/gcc/dev/atmega32/avr5/crtatmega32.o (exit)
c:/program files (x86)/atmel/studio/7.0/toolchain/avr8/avr8-gnu-toolchain/bin/../lib/gcc/avr/5.4.0/avr5\libgcc.a(_copy_data.o)
                              APP/APP_prog.o (__do_copy_data)
c:/program files (x86)/atmel/studio/7.0/toolchain/avr8/avr8-gnu-toolchain/bin/../lib/gcc/avr/5.4.0/avr5\libgcc.a(_clear_bss.o)
                              APP/APP_prog.o (__do_clear_bss)

Discarded input sections

 .data          0x00000000        0x0 C:/Program Files (x86)/Atmel/Studio/7.0/Packs/atmel/ATmega_DFP/1.7.374/gcc/dev/atmega32/avr5/crtatmega32.o
 .bss           0x00000000        0x0 C:/Program Files (x86)/Atmel/Studio/7.0/Packs/atmel/ATmega_DFP/1.7.374/gcc/dev/atmega32/avr5/crtatmega32.o
 .text          0x00000000        0x0 APP/APP_prog.o
 .data          0x00000000        0x0 APP/APP_prog.o
 .bss           0x00000000        0x0 APP/APP_prog.o
 .text          0x00000000        0x0 HAL/DIO/hal_dio_prog.o
 .data          0x00000000        0x0 HAL/DIO/hal_dio_prog.o
 .bss           0x00000000        0x0 HAL/DIO/hal_dio_prog.o
 .text.hal_dio_enuInit
                0x00000000        0x6 HAL/DIO/hal_dio_prog.o
 .text.hal_dio_enuSetPortDir
                0x00000000        0x6 HAL/DIO/hal_dio_prog.o
 .text.hal_dio_enuSetPortValue
                0x00000000        0x6 HAL/DIO/hal_dio_prog.o
 .text.hal_dio_enuTogPortValue
                0x00000000        0x6 HAL/DIO/hal_dio_prog.o
 .text.hal_dio_enuGetPortValue
                0x00000000        0x6 HAL/DIO/hal_dio_prog.o
 .text.hal_dio_enuSetPinDir
                0x00000000        0x6 HAL/DIO/hal_dio_prog.o
 .text.hal_dio_enuSetPinValue
                0x00000000        0x6 HAL/DIO/hal_dio_prog.o
 .text.hal_dio_enuTogPinValue
                0x00000000        0x6 HAL/DIO/hal_dio_prog.o
 .text.hal_dio_enuGetPinValue
                0x00000000        0x6 HAL/DIO/hal_dio_prog.o
 .debug_info    0x00000000      0x46f HAL/DIO/hal_dio_prog.o
 .debug_abbrev  0x00000000       0xae HAL/DIO/hal_dio_prog.o
 .debug_loc     0x00000000      0x25c HAL/DIO/hal_dio_prog.o
 .debug_aranges
                0x00000000       0x60 HAL/DIO/hal_dio_prog.o
 .debug_ranges  0x00000000       0x50 HAL/DIO/hal_dio_prog.o
 .debug_line    0x00000000      0x18f HAL/DIO/hal_dio_prog.o
 .debug_str     0x00000000      0x484 HAL/DIO/hal_dio_prog.o
 .comment       0x00000000       0x31 HAL/DIO/hal_dio_prog.o
 .debug_frame   0x00000000       0xa4 HAL/DIO/hal_dio_prog.o
 .text          0x00000000        0x0 HAL/EX_Interrupt/hal_exint_prog.o
 .data          0x00000000        0x0 HAL/EX_Interrupt/hal_exint_prog.o
 .bss           0x00000000        0x0 HAL/EX_Interrupt/hal_exint_prog.o
 .text.hal_exint_enuIntEnable
                0x00000000        0x6 HAL/EX_Interrupt/hal_exint_prog.o
 .text.hal_exint_enuIntDisable
                0x00000000        0x6 HAL/EX_Interrupt/hal_exint_prog.o
 .text.hal_exint_enuCallBack
                0x00000000        0x6 HAL/EX_Interrupt/hal_exint_prog.o
 .text          0x00000000        0x0 HAL/LED/LED_config.o
 .data          0x00000000        0x0 HAL/LED/LED_config.o
 .bss           0x00000000        0x0 HAL/LED/LED_config.o
 .text          0x00000000        0x0 HAL/LED/LED_prog.o
 .data          0x00000000        0x0 HAL/LED/LED_prog.o
 .bss           0x00000000        0x0 HAL/LED/LED_prog.o
 .text          0x00000000        0x0 HAL/Timer0/hal_timer0_prog.o
 .data          0x00000000        0x0 HAL/Timer0/hal_timer0_prog.o
 .bss           0x00000000        0x0 HAL/Timer0/hal_timer0_prog.o
 .text.hal_timer0_enuEnableOVFInterrupt
                0x00000000        0x6 HAL/Timer0/hal_timer0_prog.o
 .text.hal_timer0_enuDisableOVFInterrupt
                0x00000000        0x6 HAL/Timer0/hal_timer0_prog.o
 .text.hal_timer0_enuSetCompareMatch
                0x00000000        0x6 HAL/Timer0/hal_timer0_prog.o
 .text.hal_timer0_enuCorrectPhasePWM
                0x00000000        0x6 HAL/Timer0/hal_timer0_prog.o
 .text.hal_timer0_enuFastPWM
                0x00000000        0x6 HAL/Timer0/hal_timer0_prog.o
 .text.hal_timer0_enuFastPWMByDutyCycle
                0x00000000        0x6 HAL/Timer0/hal_timer0_prog.o
 .text.hal_timer0_enuPhaseCorrectByDutyCycle
                0x00000000        0x6 HAL/Timer0/hal_timer0_prog.o
 .text.hal_timer0_enuEnableCOMPInterrupt
                0x00000000        0x6 HAL/Timer0/hal_timer0_prog.o
 .text.hal_timer0_enuDisableCOMPInterrupt
                0x00000000        0x6 HAL/Timer0/hal_timer0_prog.o
 .text.hal_timer0_enuCTCCallBack
                0x00000000        0x6 HAL/Timer0/hal_timer0_prog.o
 .text          0x00000000        0x0 main.o
 .data          0x00000000        0x0 main.o
 .bss           0x00000000        0x0 main.o
 .text          0x00000000        0x0 MCAL/DIO/DIO_prog.o
 .data          0x00000000        0x0 MCAL/DIO/DIO_prog.o
 .bss           0x00000000        0x0 MCAL/DIO/DIO_prog.o
 .text.DIO_enuInit
                0x00000000       0x1a MCAL/DIO/DIO_prog.o
 .text.DIO_enuSetPortDir
                0x00000000       0x34 MCAL/DIO/DIO_prog.o
 .text.DIO_enuSetPortValue
                0x00000000       0x34 MCAL/DIO/DIO_prog.o
 .text.DIO_enuTogPortValue
                0x00000000       0x44 MCAL/DIO/DIO_prog.o
 .text.DIO_enuGetPortValue
                0x00000000       0x44 MCAL/DIO/DIO_prog.o
 .text.DIO_enuGetPinValue
                0x00000000       0x8e MCAL/DIO/DIO_prog.o
 .text          0x00000000        0x0 MCAL/EX_Interrupt/EXINT_config.o
 .data          0x00000000        0x0 MCAL/EX_Interrupt/EXINT_config.o
 .bss           0x00000000        0x0 MCAL/EX_Interrupt/EXINT_config.o
 .text          0x00000000        0x0 MCAL/EX_Interrupt/EXINT_prog.o
 .data          0x00000000        0x0 MCAL/EX_Interrupt/EXINT_prog.o
 .bss           0x00000000        0x0 MCAL/EX_Interrupt/EXINT_prog.o
 .text.EXINT_enuIntEnable
                0x00000000       0x90 MCAL/EX_Interrupt/EXINT_prog.o
 .text.EXINT_enuIntDisable
                0x00000000       0x54 MCAL/EX_Interrupt/EXINT_prog.o
 .text          0x00000000        0x0 MCAL/Timer0/TIMER0_prog.o
 .data          0x00000000        0x0 MCAL/Timer0/TIMER0_prog.o
 .bss           0x00000000        0x0 MCAL/Timer0/TIMER0_prog.o
 .text.TIMER0_enuEnableOVFInterrupt
                0x00000000        0xa MCAL/Timer0/TIMER0_prog.o
 .text.TIMER0_enuDisableOVFInterrupt
                0x00000000        0xa MCAL/Timer0/TIMER0_prog.o
 .text.TIMER0_enuSetCompareMatch
                0x00000000       0x34 MCAL/Timer0/TIMER0_prog.o
 .text.TIMER0_enuCorrectPhasePWM
                0x00000000       0x34 MCAL/Timer0/TIMER0_prog.o
 .text.TIMER0_enuFastPWM
                0x00000000       0x34 MCAL/Timer0/TIMER0_prog.o
 .text.TIMER0_enuEnableCOMPInterrupt
                0x00000000        0xa MCAL/Timer0/TIMER0_prog.o
 .text.TIMER0_enuDisableCOMPInterrupt
                0x00000000        0xa MCAL/Timer0/TIMER0_prog.o
 .text.TIMER0_enuCTCCallBack
                0x00000000       0x1c MCAL/Timer0/TIMER0_prog.o
 .text.TIMER0_enuFastPWMByDutyCycle
                0x00000000       0x76 MCAL/Timer0/TIMER0_prog.o
 .text.TIMER0_enuPhaseCorrectByDutyCycle
                0x00000000       0x70 MCAL/Timer0/TIMER0_prog.o
 .text          0x00000000        0x0 c:/program files (x86)/atmel/studio/7.0/toolchain/avr8/avr8-gnu-toolchain/bin/../lib/gcc/avr/5.4.0/../../../../avr/lib/avr5\libm.a(addsf3.o)
 .data          0x00000000        0x0 c:/program files (x86)/atmel/studio/7.0/toolchain/avr8/avr8-gnu-toolchain/bin/../lib/gcc/avr/5.4.0/../../../../avr/lib/avr5\libm.a(addsf3.o)
 .bss           0x00000000        0x0 c:/program files (x86)/atmel/studio/7.0/toolchain/avr8/avr8-gnu-toolchain/bin/../lib/gcc/avr/5.4.0/../../../../avr/lib/avr5\libm.a(addsf3.o)
 .text          0x00000000        0x0 c:/program files (x86)/atmel/studio/7.0/toolchain/avr8/avr8-gnu-toolchain/bin/../lib/gcc/avr/5.4.0/../../../../avr/lib/avr5\libm.a(addsf3x.o)
 .data          0x00000000        0x0 c:/program files (x86)/atmel/studio/7.0/toolchain/avr8/avr8-gnu-toolchain/bin/../lib/gcc/avr/5.4.0/../../../../avr/lib/avr5\libm.a(addsf3x.o)
 .bss           0x00000000        0x0 c:/program files (x86)/atmel/studio/7.0/toolchain/avr8/avr8-gnu-toolchain/bin/../lib/gcc/avr/5.4.0/../../../../avr/lib/avr5\libm.a(addsf3x.o)
 .text          0x00000000        0x0 c:/program files (x86)/atmel/studio/7.0/toolchain/avr8/avr8-gnu-toolchain/bin/../lib/gcc/avr/5.4.0/../../../../avr/lib/avr5\libm.a(cmpsf2.o)
 .data          0x00000000        0x0 c:/program files (x86)/atmel/studio/7.0/toolchain/avr8/avr8-gnu-toolchain/bin/../lib/gcc/avr/5.4.0/../../../../avr/lib/avr5\libm.a(cmpsf2.o)
 .bss           0x00000000        0x0 c:/program files (x86)/atmel/studio/7.0/toolchain/avr8/avr8-gnu-toolchain/bin/../lib/gcc/avr/5.4.0/../../../../avr/lib/avr5\libm.a(cmpsf2.o)
 .text          0x00000000        0x0 c:/program files (x86)/atmel/studio/7.0/toolchain/avr8/avr8-gnu-toolchain/bin/../lib/gcc/avr/5.4.0/../../../../avr/lib/avr5\libm.a(divsf3.o)
 .data          0x00000000        0x0 c:/program files (x86)/atmel/studio/7.0/toolchain/avr8/avr8-gnu-toolchain/bin/../lib/gcc/avr/5.4.0/../../../../avr/lib/avr5\libm.a(divsf3.o)
 .bss           0x00000000        0x0 c:/program files (x86)/atmel/studio/7.0/toolchain/avr8/avr8-gnu-toolchain/bin/../lib/gcc/avr/5.4.0/../../../../avr/lib/avr5\libm.a(divsf3.o)
 .text          0x00000000        0x0 c:/program files (x86)/atmel/studio/7.0/toolchain/avr8/avr8-gnu-toolchain/bin/../lib/gcc/avr/5.4.0/../../../../avr/lib/avr5\libm.a(divsf3x.o)
 .data          0x00000000        0x0 c:/program files (x86)/atmel/studio/7.0/toolchain/avr8/avr8-gnu-toolchain/bin/../lib/gcc/avr/5.4.0/../../../../avr/lib/avr5\libm.a(divsf3x.o)
 .bss           0x00000000        0x0 c:/program files (x86)/atmel/studio/7.0/toolchain/avr8/avr8-gnu-toolchain/bin/../lib/gcc/avr/5.4.0/../../../../avr/lib/avr5\libm.a(divsf3x.o)
 .text          0x00000000        0x0 c:/program files (x86)/atmel/studio/7.0/toolchain/avr8/avr8-gnu-toolchain/bin/../lib/gcc/avr/5.4.0/../../../../avr/lib/avr5\libm.a(fixunssfsi.o)
 .data          0x00000000        0x0 c:/program files (x86)/atmel/studio/7.0/toolchain/avr8/avr8-gnu-toolchain/bin/../lib/gcc/avr/5.4.0/../../../../avr/lib/avr5\libm.a(fixunssfsi.o)
 .bss           0x00000000        0x0 c:/program files (x86)/atmel/studio/7.0/toolchain/avr8/avr8-gnu-toolchain/bin/../lib/gcc/avr/5.4.0/../../../../avr/lib/avr5\libm.a(fixunssfsi.o)
 .text          0x00000000        0x0 c:/program files (x86)/atmel/studio/7.0/toolchain/avr8/avr8-gnu-toolchain/bin/../lib/gcc/avr/5.4.0/../../../../avr/lib/avr5\libm.a(floatsisf.o)
 .data          0x00000000        0x0 c:/program files (x86)/atmel/studio/7.0/toolchain/avr8/avr8-gnu-toolchain/bin/../lib/gcc/avr/5.4.0/../../../../avr/lib/avr5\libm.a(floatsisf.o)
 .bss           0x00000000        0x0 c:/program files (x86)/atmel/studio/7.0/toolchain/avr8/avr8-gnu-toolchain/bin/../lib/gcc/avr/5.4.0/../../../../avr/lib/avr5\libm.a(floatsisf.o)
 .text          0x00000000        0x0 c:/program files (x86)/atmel/studio/7.0/toolchain/avr8/avr8-gnu-toolchain/bin/../lib/gcc/avr/5.4.0/../../../../avr/lib/avr5\libm.a(fp_cmp.o)
 .data          0x00000000        0x0 c:/program files (x86)/atmel/studio/7.0/toolchain/avr8/avr8-gnu-toolchain/bin/../lib/gcc/avr/5.4.0/../../../../avr/lib/avr5\libm.a(fp_cmp.o)
 .bss           0x00000000        0x0 c:/program files (x86)/atmel/studio/7.0/toolchain/avr8/avr8-gnu-toolchain/bin/../lib/gcc/avr/5.4.0/../../../../avr/lib/avr5\libm.a(fp_cmp.o)
 .text          0x00000000        0x0 c:/program files (x86)/atmel/studio/7.0/toolchain/avr8/avr8-gnu-toolchain/bin/../lib/gcc/avr/5.4.0/../../../../avr/lib/avr5\libm.a(fp_inf.o)
 .data          0x00000000        0x0 c:/program files (x86)/atmel/studio/7.0/toolchain/avr8/avr8-gnu-toolchain/bin/../lib/gcc/avr/5.4.0/../../../../avr/lib/avr5\libm.a(fp_inf.o)
 .bss           0x00000000        0x0 c:/program files (x86)/atmel/studio/7.0/toolchain/avr8/avr8-gnu-toolchain/bin/../lib/gcc/avr/5.4.0/../../../../avr/lib/avr5\libm.a(fp_inf.o)
 .text          0x00000000        0x0 c:/program files (x86)/atmel/studio/7.0/toolchain/avr8/avr8-gnu-toolchain/bin/../lib/gcc/avr/5.4.0/../../../../avr/lib/avr5\libm.a(fp_nan.o)
 .data          0x00000000        0x0 c:/program files (x86)/atmel/studio/7.0/toolchain/avr8/avr8-gnu-toolchain/bin/../lib/gcc/avr/5.4.0/../../../../avr/lib/avr5\libm.a(fp_nan.o)
 .bss           0x00000000        0x0 c:/program files (x86)/atmel/studio/7.0/toolchain/avr8/avr8-gnu-toolchain/bin/../lib/gcc/avr/5.4.0/../../../../avr/lib/avr5\libm.a(fp_nan.o)
 .text          0x00000000        0x0 c:/program files (x86)/atmel/studio/7.0/toolchain/avr8/avr8-gnu-toolchain/bin/../lib/gcc/avr/5.4.0/../../../../avr/lib/avr5\libm.a(fp_pscA.o)
 .data          0x00000000        0x0 c:/program files (x86)/atmel/studio/7.0/toolchain/avr8/avr8-gnu-toolchain/bin/../lib/gcc/avr/5.4.0/../../../../avr/lib/avr5\libm.a(fp_pscA.o)
 .bss           0x00000000        0x0 c:/program files (x86)/atmel/studio/7.0/toolchain/avr8/avr8-gnu-toolchain/bin/../lib/gcc/avr/5.4.0/../../../../avr/lib/avr5\libm.a(fp_pscA.o)
 .text          0x00000000        0x0 c:/program files (x86)/atmel/studio/7.0/toolchain/avr8/avr8-gnu-toolchain/bin/../lib/gcc/avr/5.4.0/../../../../avr/lib/avr5\libm.a(fp_pscB.o)
 .data          0x00000000        0x0 c:/program files (x86)/atmel/studio/7.0/toolchain/avr8/avr8-gnu-toolchain/bin/../lib/gcc/avr/5.4.0/../../../../avr/lib/avr5\libm.a(fp_pscB.o)
 .bss           0x00000000        0x0 c:/program files (x86)/atmel/studio/7.0/toolchain/avr8/avr8-gnu-toolchain/bin/../lib/gcc/avr/5.4.0/../../../../avr/lib/avr5\libm.a(fp_pscB.o)
 .text          0x00000000        0x0 c:/program files (x86)/atmel/studio/7.0/toolchain/avr8/avr8-gnu-toolchain/bin/../lib/gcc/avr/5.4.0/../../../../avr/lib/avr5\libm.a(fp_round.o)
 .data          0x00000000        0x0 c:/program files (x86)/atmel/studio/7.0/toolchain/avr8/avr8-gnu-toolchain/bin/../lib/gcc/avr/5.4.0/../../../../avr/lib/avr5\libm.a(fp_round.o)
 .bss           0x00000000        0x0 c:/program files (x86)/atmel/studio/7.0/toolchain/avr8/avr8-gnu-toolchain/bin/../lib/gcc/avr/5.4.0/../../../../avr/lib/avr5\libm.a(fp_round.o)
 .text          0x00000000        0x0 c:/program files (x86)/atmel/studio/7.0/toolchain/avr8/avr8-gnu-toolchain/bin/../lib/gcc/avr/5.4.0/../../../../avr/lib/avr5\libm.a(fp_split3.o)
 .data          0x00000000        0x0 c:/program files (x86)/atmel/studio/7.0/toolchain/avr8/avr8-gnu-toolchain/bin/../lib/gcc/avr/5.4.0/../../../../avr/lib/avr5\libm.a(fp_split3.o)
 .bss           0x00000000        0x0 c:/program files (x86)/atmel/studio/7.0/toolchain/avr8/avr8-gnu-toolchain/bin/../lib/gcc/avr/5.4.0/../../../../avr/lib/avr5\libm.a(fp_split3.o)
 .text          0x00000000        0x0 c:/program files (x86)/atmel/studio/7.0/toolchain/avr8/avr8-gnu-toolchain/bin/../lib/gcc/avr/5.4.0/../../../../avr/lib/avr5\libm.a(fp_zero.o)
 .data          0x00000000        0x0 c:/program files (x86)/atmel/studio/7.0/toolchain/avr8/avr8-gnu-toolchain/bin/../lib/gcc/avr/5.4.0/../../../../avr/lib/avr5\libm.a(fp_zero.o)
 .bss           0x00000000        0x0 c:/program files (x86)/atmel/studio/7.0/toolchain/avr8/avr8-gnu-toolchain/bin/../lib/gcc/avr/5.4.0/../../../../avr/lib/avr5\libm.a(fp_zero.o)
 .text          0x00000000        0x0 c:/program files (x86)/atmel/studio/7.0/toolchain/avr8/avr8-gnu-toolchain/bin/../lib/gcc/avr/5.4.0/../../../../avr/lib/avr5\libm.a(gesf2.o)
 .data          0x00000000        0x0 c:/program files (x86)/atmel/studio/7.0/toolchain/avr8/avr8-gnu-toolchain/bin/../lib/gcc/avr/5.4.0/../../../../avr/lib/avr5\libm.a(gesf2.o)
 .bss           0x00000000        0x0 c:/program files (x86)/atmel/studio/7.0/toolchain/avr8/avr8-gnu-toolchain/bin/../lib/gcc/avr/5.4.0/../../../../avr/lib/avr5\libm.a(gesf2.o)
 .text          0x00000000        0x0 c:/program files (x86)/atmel/studio/7.0/toolchain/avr8/avr8-gnu-toolchain/bin/../lib/gcc/avr/5.4.0/../../../../avr/lib/avr5\libm.a(mulsf3.o)
 .data          0x00000000        0x0 c:/program files (x86)/atmel/studio/7.0/toolchain/avr8/avr8-gnu-toolchain/bin/../lib/gcc/avr/5.4.0/../../../../avr/lib/avr5\libm.a(mulsf3.o)
 .bss           0x00000000        0x0 c:/program files (x86)/atmel/studio/7.0/toolchain/avr8/avr8-gnu-toolchain/bin/../lib/gcc/avr/5.4.0/../../../../avr/lib/avr5\libm.a(mulsf3.o)
 .text          0x00000000        0x0 c:/program files (x86)/atmel/studio/7.0/toolchain/avr8/avr8-gnu-toolchain/bin/../lib/gcc/avr/5.4.0/../../../../avr/lib/avr5\libm.a(mulsf3x.o)
 .data          0x00000000        0x0 c:/program files (x86)/atmel/studio/7.0/toolchain/avr8/avr8-gnu-toolchain/bin/../lib/gcc/avr/5.4.0/../../../../avr/lib/avr5\libm.a(mulsf3x.o)
 .bss           0x00000000        0x0 c:/program files (x86)/atmel/studio/7.0/toolchain/avr8/avr8-gnu-toolchain/bin/../lib/gcc/avr/5.4.0/../../../../avr/lib/avr5\libm.a(mulsf3x.o)
 .text          0x00000000        0x0 c:/program files (x86)/atmel/studio/7.0/toolchain/avr8/avr8-gnu-toolchain/bin/../lib/gcc/avr/5.4.0/avr5\libgcc.a(_exit.o)
 .data          0x00000000        0x0 c:/program files (x86)/atmel/studio/7.0/toolchain/avr8/avr8-gnu-toolchain/bin/../lib/gcc/avr/5.4.0/avr5\libgcc.a(_exit.o)
 .bss           0x00000000        0x0 c:/program files (x86)/atmel/studio/7.0/toolchain/avr8/avr8-gnu-toolchain/bin/../lib/gcc/avr/5.4.0/avr5\libgcc.a(_exit.o)
 .text.libgcc.mul
                0x00000000        0x0 c:/program files (x86)/atmel/studio/7.0/toolchain/avr8/avr8-gnu-toolchain/bin/../lib/gcc/avr/5.4.0/avr5\libgcc.a(_exit.o)
 .text.libgcc.div
                0x00000000        0x0 c:/program files (x86)/atmel/studio/7.0/toolchain/avr8/avr8-gnu-toolchain/bin/../lib/gcc/avr/5.4.0/avr5\libgcc.a(_exit.o)
 .text.libgcc   0x00000000        0x0 c:/program files (x86)/atmel/studio/7.0/toolchain/avr8/avr8-gnu-toolchain/bin/../lib/gcc/avr/5.4.0/avr5\libgcc.a(_exit.o)
 .text.libgcc.prologue
                0x00000000        0x0 c:/program files (x86)/atmel/studio/7.0/toolchain/avr8/avr8-gnu-toolchain/bin/../lib/gcc/avr/5.4.0/avr5\libgcc.a(_exit.o)
 .text.libgcc.builtins
                0x00000000        0x0 c:/program files (x86)/atmel/studio/7.0/toolchain/avr8/avr8-gnu-toolchain/bin/../lib/gcc/avr/5.4.0/avr5\libgcc.a(_exit.o)
 .text.libgcc.fmul
                0x00000000        0x0 c:/program files (x86)/atmel/studio/7.0/toolchain/avr8/avr8-gnu-toolchain/bin/../lib/gcc/avr/5.4.0/avr5\libgcc.a(_exit.o)
 .text.libgcc.fixed
                0x00000000        0x0 c:/program files (x86)/atmel/studio/7.0/toolchain/avr8/avr8-gnu-toolchain/bin/../lib/gcc/avr/5.4.0/avr5\libgcc.a(_exit.o)
 .text          0x00000000        0x0 c:/program files (x86)/atmel/studio/7.0/toolchain/avr8/avr8-gnu-toolchain/bin/../lib/gcc/avr/5.4.0/avr5\libgcc.a(_copy_data.o)
 .data          0x00000000        0x0 c:/program files (x86)/atmel/studio/7.0/toolchain/avr8/avr8-gnu-toolchain/bin/../lib/gcc/avr/5.4.0/avr5\libgcc.a(_copy_data.o)
 .bss           0x00000000        0x0 c:/program files (x86)/atmel/studio/7.0/toolchain/avr8/avr8-gnu-toolchain/bin/../lib/gcc/avr/5.4.0/avr5\libgcc.a(_copy_data.o)
 .text.libgcc.mul
                0x00000000        0x0 c:/program files (x86)/atmel/studio/7.0/toolchain/avr8/avr8-gnu-toolchain/bin/../lib/gcc/avr/5.4.0/avr5\libgcc.a(_copy_data.o)
 .text.libgcc.div
                0x00000000        0x0 c:/program files (x86)/atmel/studio/7.0/toolchain/avr8/avr8-gnu-toolchain/bin/../lib/gcc/avr/5.4.0/avr5\libgcc.a(_copy_data.o)
 .text.libgcc   0x00000000        0x0 c:/program files (x86)/atmel/studio/7.0/toolchain/avr8/avr8-gnu-toolchain/bin/../lib/gcc/avr/5.4.0/avr5\libgcc.a(_copy_data.o)
 .text.libgcc.prologue
                0x00000000        0x0 c:/program files (x86)/atmel/studio/7.0/toolchain/avr8/avr8-gnu-toolchain/bin/../lib/gcc/avr/5.4.0/avr5\libgcc.a(_copy_data.o)
 .text.libgcc.builtins
                0x00000000        0x0 c:/program files (x86)/atmel/studio/7.0/toolchain/avr8/avr8-gnu-toolchain/bin/../lib/gcc/avr/5.4.0/avr5\libgcc.a(_copy_data.o)
 .text.libgcc.fmul
                0x00000000        0x0 c:/program files (x86)/atmel/studio/7.0/toolchain/avr8/avr8-gnu-toolchain/bin/../lib/gcc/avr/5.4.0/avr5\libgcc.a(_copy_data.o)
 .text.libgcc.fixed
                0x00000000        0x0 c:/program files (x86)/atmel/studio/7.0/toolchain/avr8/avr8-gnu-toolchain/bin/../lib/gcc/avr/5.4.0/avr5\libgcc.a(_copy_data.o)
 .text          0x00000000        0x0 c:/program files (x86)/atmel/studio/7.0/toolchain/avr8/avr8-gnu-toolchain/bin/../lib/gcc/avr/5.4.0/avr5\libgcc.a(_clear_bss.o)
 .data          0x00000000        0x0 c:/program files (x86)/atmel/studio/7.0/toolchain/avr8/avr8-gnu-toolchain/bin/../lib/gcc/avr/5.4.0/avr5\libgcc.a(_clear_bss.o)
 .bss           0x00000000        0x0 c:/program files (x86)/atmel/studio/7.0/toolchain/avr8/avr8-gnu-toolchain/bin/../lib/gcc/avr/5.4.0/avr5\libgcc.a(_clear_bss.o)
 .text.libgcc.mul
                0x00000000        0x0 c:/program files (x86)/atmel/studio/7.0/toolchain/avr8/avr8-gnu-toolchain/bin/../lib/gcc/avr/5.4.0/avr5\libgcc.a(_clear_bss.o)
 .text.libgcc.div
                0x00000000        0x0 c:/program files (x86)/atmel/studio/7.0/toolchain/avr8/avr8-gnu-toolchain/bin/../lib/gcc/avr/5.4.0/avr5\libgcc.a(_clear_bss.o)
 .text.libgcc   0x00000000        0x0 c:/program files (x86)/atmel/studio/7.0/toolchain/avr8/avr8-gnu-toolchain/bin/../lib/gcc/avr/5.4.0/avr5\libgcc.a(_clear_bss.o)
 .text.libgcc.prologue
                0x00000000        0x0 c:/program files (x86)/atmel/studio/7.0/toolchain/avr8/avr8-gnu-toolchain/bin/../lib/gcc/avr/5.4.0/avr5\libgcc.a(_clear_bss.o)
 .text.libgcc.builtins
                0x00000000        0x0 c:/program files (x86)/atmel/studio/7.0/toolchain/avr8/avr8-gnu-toolchain/bin/../lib/gcc/avr/5.4.0/avr5\libgcc.a(_clear_bss.o)
 .text.libgcc.fmul
                0x00000000        0x0 c:/program files (x86)/atmel/studio/7.0/toolchain/avr8/avr8-gnu-toolchain/bin/../lib/gcc/avr/5.4.0/avr5\libgcc.a(_clear_bss.o)
 .text.libgcc.fixed
                0x00000000        0x0 c:/program files (x86)/atmel/studio/7.0/toolchain/avr8/avr8-gnu-toolchain/bin/../lib/gcc/avr/5.4.0/avr5\libgcc.a(_clear_bss.o)

Memory Configuration

Name             Origin             Length             Attributes
text             0x00000000         0x00008000         xr
data             0x00800060         0x00000800         rw !x
eeprom           0x00810000         0x00000400         rw !x
fuse             0x00820000         0x00000002         rw !x
lock             0x00830000         0x00000400         rw !x
signature        0x00840000         0x00000400         rw !x
user_signatures  0x00850000         0x00000400         rw !x
*default*        0x00000000         0xffffffff

Linker script and memory map

LOAD C:/Program Files (x86)/Atmel/Studio/7.0/Packs/atmel/ATmega_DFP/1.7.374/gcc/dev/atmega32/avr5/crtatmega32.o
LOAD APP/APP_prog.o
LOAD HAL/DIO/hal_dio_prog.o
LOAD HAL/EX_Interrupt/hal_exint_prog.o
LOAD HAL/LED/LED_config.o
LOAD HAL/LED/LED_prog.o
LOAD HAL/Timer0/hal_timer0_prog.o
LOAD main.o
LOAD MCAL/DIO/DIO_prog.o
LOAD MCAL/EX_Interrupt/EXINT_config.o
LOAD MCAL/EX_Interrupt/EXINT_prog.o
LOAD MCAL/Timer0/TIMER0_prog.o
START GROUP
LOAD c:/program files (x86)/atmel/studio/7.0/toolchain/avr8/avr8-gnu-toolchain/bin/../lib/gcc/avr/5.4.0/../../../../avr/lib/avr5\libm.a
END GROUP
START GROUP
LOAD c:/program files (x86)/atmel/studio/7.0/toolchain/avr8/avr8-gnu-toolchain/bin/../lib/gcc/avr/5.4.0/avr5\libgcc.a
LOAD c:/program files (x86)/atmel/studio/7.0/toolchain/avr8/avr8-gnu-toolchain/bin/../lib/gcc/avr/5.4.0/../../../../avr/lib/avr5\libm.a
LOAD c:/program files (x86)/atmel/studio/7.0/toolchain/avr8/avr8-gnu-toolchain/bin/../lib/gcc/avr/5.4.0/../../../../avr/lib/avr5\libc.a
LOAD C:/Program Files (x86)/Atmel/Studio/7.0/Packs/atmel/ATmega_DFP/1.7.374/gcc/dev/atmega32/avr5\libatmega32.a
END GROUP
                0x00000000                __TEXT_REGION_ORIGIN__ = DEFINED (__TEXT_REGION_ORIGIN__)?__TEXT_REGION_ORIGIN__:0x0
                [0x00800060]                __DATA_REGION_ORIGIN__ = DEFINED (__DATA_REGION_ORIGIN__)?__DATA_REGION_ORIGIN__:0x800060
                [0x00008000]                __TEXT_REGION_LENGTH__ = DEFINED (__TEXT_REGION_LENGTH__)?__TEXT_REGION_LENGTH__:0x20000
                [0x00000800]                __DATA_REGION_LENGTH__ = DEFINED (__DATA_REGION_LENGTH__)?__DATA_REGION_LENGTH__:0xffa0
                [0x00000400]                __EEPROM_REGION_LENGTH__ = DEFINED (__EEPROM_REGION_LENGTH__)?__EEPROM_REGION_LENGTH__:0x10000
                [0x00000002]                __FUSE_REGION_LENGTH__ = DEFINED (__FUSE_REGION_LENGTH__)?__FUSE_REGION_LENGTH__:0x400
                0x00000400                __LOCK_REGION_LENGTH__ = DEFINED (__LOCK_REGION_LENGTH__)?__LOCK_REGION_LENGTH__:0x400
                0x00000400                __SIGNATURE_REGION_LENGTH__ = DEFINED (__SIGNATURE_REGION_LENGTH__)?__SIGNATURE_REGION_LENGTH__:0x400
                0x00000400                __USER_SIGNATURE_REGION_LENGTH__ = DEFINED (__USER_SIGNATURE_REGION_LENGTH__)?__USER_SIGNATURE_REGION_LENGTH__:0x400

.hash
 *(.hash)

.dynsym
 *(.dynsym)

.dynstr
 *(.dynstr)

.gnu.version
 *(.gnu.version)

.gnu.version_d
 *(.gnu.version_d)

.gnu.version_r
 *(.gnu.version_r)

.rel.init
 *(.rel.init)

.rela.init
 *(.rela.init)

.rel.text
 *(.rel.text)
 *(.rel.text.*)
 *(.rel.gnu.linkonce.t*)

.rela.text
 *(.rela.text)
 *(.rela.text.*)
 *(.rela.gnu.linkonce.t*)

.rel.fini
 *(.rel.fini)

.rela.fini
 *(.rela.fini)

.rel.rodata
 *(.rel.rodata)
 *(.rel.rodata.*)
 *(.rel.gnu.linkonce.r*)

.rela.rodata
 *(.rela.rodata)
 *(.rela.rodata.*)
 *(.rela.gnu.linkonce.r*)

.rel.data
 *(.rel.data)
 *(.rel.data.*)
 *(.rel.gnu.linkonce.d*)

.rela.data
 *(.rela.data)
 *(.rela.data.*)
 *(.rela.gnu.linkonce.d*)

.rel.ctors
 *(.rel.ctors)

.rela.ctors
 *(.rela.ctors)

.rel.dtors
 *(.rel.dtors)

.rela.dtors
 *(.rela.dtors)

.rel.got
 *(.rel.got)

.rela.got
 *(.rela.got)

.rel.bss
 *(.rel.bss)

.rela.bss
 *(.rela.bss)

.rel.plt
 *(.rel.plt)

.rela.plt
 *(.rela.plt)

.text           0x00000000     0x10e8
 *(.vectors)
 .vectors       0x00000000       0x54 C:/Program Files (x86)/Atmel/Studio/7.0/Packs/atmel/ATmega_DFP/1.7.374/gcc/dev/atmega32/avr5/crtatmega32.o
                0x00000000                __vector_default
                0x00000000                __vectors
 *(.vectors)
 *(.progmem.gcc*)
                0x00000054                . = ALIGN (0x2)
                0x00000054                __trampolines_start = .
 *(.trampolines)
 .trampolines   0x00000054        0x0 linker stubs
 *(.trampolines*)
                0x00000054                __trampolines_end = .
 *libprintf_flt.a:*(.progmem.data)
 *libc.a:*(.progmem.data)
 *(.progmem*)
                0x00000054                . = ALIGN (0x2)
 *(.jumptables)
 *(.jumptables*)
 *(.lowtext)
 *(.lowtext*)
                0x00000054                __ctors_start = .
 *(.ctors)
                0x00000054                __ctors_end = .
                0x00000054                __dtors_start = .
 *(.dtors)
                0x00000054                __dtors_end = .
 SORT(*)(.ctors)
 SORT(*)(.dtors)
 *(.init0)
 .init0         0x00000054        0x0 C:/Program Files (x86)/Atmel/Studio/7.0/Packs/atmel/ATmega_DFP/1.7.374/gcc/dev/atmega32/avr5/crtatmega32.o
                0x00000054                __init
 *(.init0)
 *(.init1)
 *(.init1)
 *(.init2)
 .init2         0x00000054        0xc C:/Program Files (x86)/Atmel/Studio/7.0/Packs/atmel/ATmega_DFP/1.7.374/gcc/dev/atmega32/avr5/crtatmega32.o
 *(.init2)
 *(.init3)
 *(.init3)
 *(.init4)
 .init4         0x00000060       0x16 c:/program files (x86)/atmel/studio/7.0/toolchain/avr8/avr8-gnu-toolchain/bin/../lib/gcc/avr/5.4.0/avr5\libgcc.a(_copy_data.o)
                0x00000060                __do_copy_data
 .init4         0x00000076       0x10 c:/program files (x86)/atmel/studio/7.0/toolchain/avr8/avr8-gnu-toolchain/bin/../lib/gcc/avr/5.4.0/avr5\libgcc.a(_clear_bss.o)
                0x00000076                __do_clear_bss
 *(.init4)
 *(.init5)
 *(.init5)
 *(.init6)
 *(.init6)
 *(.init7)
 *(.init7)
 *(.init8)
 *(.init8)
 *(.init9)
 .init9         0x00000086        0x8 C:/Program Files (x86)/Atmel/Studio/7.0/Packs/atmel/ATmega_DFP/1.7.374/gcc/dev/atmega32/avr5/crtatmega32.o
 *(.init9)
 *(.text)
 .text          0x0000008e        0x4 C:/Program Files (x86)/Atmel/Studio/7.0/Packs/atmel/ATmega_DFP/1.7.374/gcc/dev/atmega32/avr5/crtatmega32.o
                0x0000008e                __vector_12
                0x0000008e                __bad_interrupt
                0x0000008e                __vector_6
                0x0000008e                __vector_13
                0x0000008e                __vector_17
                0x0000008e                __vector_19
                0x0000008e                __vector_7
                0x0000008e                __vector_5
                0x0000008e                __vector_4
                0x0000008e                __vector_9
                0x0000008e                __vector_15
                0x0000008e                __vector_8
                0x0000008e                __vector_14
                0x0000008e                __vector_16
                0x0000008e                __vector_18
                0x0000008e                __vector_20
                0x00000092                . = ALIGN (0x2)
 *(.text.*)
 .text.changeTrafficLed
                0x00000092       0xee APP/APP_prog.o
                0x00000092                changeTrafficLed
 .text.on_Press
                0x00000180      0x144 APP/APP_prog.o
                0x00000180                on_Press
 .text.App_enuStart
                0x000002c4       0x58 APP/APP_prog.o
                0x000002c4                App_enuStart
 .text.hal_exint_enuInit
                0x0000031c        0x6 HAL/EX_Interrupt/hal_exint_prog.o
                0x0000031c                hal_exint_enuInit
 .text.LED_enuInit
                0x00000322       0x3e HAL/LED/LED_prog.o
                0x00000322                LED_enuInit
 .text.LED_enuTurnON
                0x00000360       0x5a HAL/LED/LED_prog.o
                0x00000360                LED_enuTurnON
 .text.LED_enuTurnOFF
                0x000003ba       0x5a HAL/LED/LED_prog.o
                0x000003ba                LED_enuTurnOFF
 .text.LED_enuToggleState
                0x00000414       0x24 HAL/LED/LED_prog.o
                0x00000414                LED_enuToggleState
 .text.hal_timer0_enuInit
                0x00000438        0x6 HAL/Timer0/hal_timer0_prog.o
                0x00000438                hal_timer0_enuInit
 .text.hal_timer0_enuSetSyncDelay
                0x0000043e        0x6 HAL/Timer0/hal_timer0_prog.o
                0x0000043e                hal_timer0_enuSetSyncDelay
 .text.hal_timer0_enuSetAsyncDelay
                0x00000444        0x6 HAL/Timer0/hal_timer0_prog.o
                0x00000444                hal_timer0_enuSetAsyncDelay
 .text.main     0x0000044a        0x6 main.o
                0x0000044a                main
 .text.DIO_enuSetPinDir
                0x00000450       0xe2 MCAL/DIO/DIO_prog.o
                0x00000450                DIO_enuSetPinDir
 .text.DIO_enuSetPinValue
                0x00000532       0xe2 MCAL/DIO/DIO_prog.o
                0x00000532                DIO_enuSetPinValue
 .text.DIO_enuTogPinValue
                0x00000614       0x84 MCAL/DIO/DIO_prog.o
                0x00000614                DIO_enuTogPinValue
 .text.EXINT_enuInit
                0x00000698       0xfc MCAL/EX_Interrupt/EXINT_prog.o
                0x00000698                EXINT_enuInit
 .text.EXINT_enuCallBack
                0x00000794       0x54 MCAL/EX_Interrupt/EXINT_prog.o
                0x00000794                EXINT_enuCallBack
 .text.__vector_1
                0x000007e8       0x5a MCAL/EX_Interrupt/EXINT_prog.o
                0x000007e8                __vector_1
 .text.__vector_2
                0x00000842       0x5a MCAL/EX_Interrupt/EXINT_prog.o
                0x00000842                __vector_2
 .text.__vector_3
                0x0000089c       0x5a MCAL/EX_Interrupt/EXINT_prog.o
                0x0000089c                __vector_3
 .text.TIMER0_enuInit
                0x000008f6       0x32 MCAL/Timer0/TIMER0_prog.o
                0x000008f6                TIMER0_enuInit
 .text.TIMER0_enuSetSyncDelay
                0x00000928      0x134 MCAL/Timer0/TIMER0_prog.o
                0x00000928                TIMER0_enuSetSyncDelay
 .text.TIMER0_enuSetAsyncDelay
                0x00000a5c      0x108 MCAL/Timer0/TIMER0_prog.o
                0x00000a5c                TIMER0_enuSetAsyncDelay
 .text.__vector_11
                0x00000b64       0xb8 MCAL/Timer0/TIMER0_prog.o
                0x00000b64                __vector_11
 .text.__vector_10
                0x00000c1c       0x5a MCAL/Timer0/TIMER0_prog.o
                0x00000c1c                __vector_10
 .text.avr-libc.fplib
                0x00000c76        0xe c:/program files (x86)/atmel/studio/7.0/toolchain/avr8/avr8-gnu-toolchain/bin/../lib/gcc/avr/5.4.0/../../../../avr/lib/avr5\libm.a(addsf3.o)
                0x00000c76                __subsf3
                0x00000c78                __addsf3
 .text.avr-libc.fplib
                0x00000c84       0xcc c:/program files (x86)/atmel/studio/7.0/toolchain/avr8/avr8-gnu-toolchain/bin/../lib/gcc/avr/5.4.0/../../../../avr/lib/avr5\libm.a(addsf3x.o)
                0x00000ca6                __addsf3x
 .text.avr-libc.fplib
                0x00000d50        0xa c:/program files (x86)/atmel/studio/7.0/toolchain/avr8/avr8-gnu-toolchain/bin/../lib/gcc/avr/5.4.0/../../../../avr/lib/avr5\libm.a(cmpsf2.o)
                0x00000d50                __nesf2
                0x00000d50                __eqsf2
                0x00000d50                __cmpsf2
                0x00000d50                __ltsf2
                0x00000d50                __lesf2
 .text.avr-libc.fplib
                0x00000d5a        0x8 c:/program files (x86)/atmel/studio/7.0/toolchain/avr8/avr8-gnu-toolchain/bin/../lib/gcc/avr/5.4.0/../../../../avr/lib/avr5\libm.a(divsf3.o)
                0x00000d5a                __divsf3
 .text.avr-libc.fplib
                0x00000d62       0xdc c:/program files (x86)/atmel/studio/7.0/toolchain/avr8/avr8-gnu-toolchain/bin/../lib/gcc/avr/5.4.0/../../../../avr/lib/avr5\libm.a(divsf3x.o)
                0x00000d82                __divsf3x
                0x00000d88                __divsf3_pse
 .text.avr-libc.fplib
                0x00000e3e       0x5e c:/program files (x86)/atmel/studio/7.0/toolchain/avr8/avr8-gnu-toolchain/bin/../lib/gcc/avr/5.4.0/../../../../avr/lib/avr5\libm.a(fixunssfsi.o)
                0x00000e3e                __fixunssfsi
 .text.avr-libc.fplib
                0x00000e9c       0x7a c:/program files (x86)/atmel/studio/7.0/toolchain/avr8/avr8-gnu-toolchain/bin/../lib/gcc/avr/5.4.0/../../../../avr/lib/avr5\libm.a(floatsisf.o)
                0x00000e9c                __floatunsisf
                0x00000ea0                __floatsisf
 .text.avr-libc.fplib
                0x00000f16       0x48 c:/program files (x86)/atmel/studio/7.0/toolchain/avr8/avr8-gnu-toolchain/bin/../lib/gcc/avr/5.4.0/../../../../avr/lib/avr5\libm.a(fp_cmp.o)
                0x00000f16                __fp_cmp
 .text.avr-libc.fplib
                0x00000f5e        0xc c:/program files (x86)/atmel/studio/7.0/toolchain/avr8/avr8-gnu-toolchain/bin/../lib/gcc/avr/5.4.0/../../../../avr/lib/avr5\libm.a(fp_inf.o)
                0x00000f5e                __fp_inf
 .text.avr-libc.fplib
                0x00000f6a        0x6 c:/program files (x86)/atmel/studio/7.0/toolchain/avr8/avr8-gnu-toolchain/bin/../lib/gcc/avr/5.4.0/../../../../avr/lib/avr5\libm.a(fp_nan.o)
                0x00000f6a                __fp_nan
 .text.avr-libc.fplib
                0x00000f70        0xe c:/program files (x86)/atmel/studio/7.0/toolchain/avr8/avr8-gnu-toolchain/bin/../lib/gcc/avr/5.4.0/../../../../avr/lib/avr5\libm.a(fp_pscA.o)
                0x00000f70                __fp_pscA
 .text.avr-libc.fplib
                0x00000f7e        0xe c:/program files (x86)/atmel/studio/7.0/toolchain/avr8/avr8-gnu-toolchain/bin/../lib/gcc/avr/5.4.0/../../../../avr/lib/avr5\libm.a(fp_pscB.o)
                0x00000f7e                __fp_pscB
 .text.avr-libc.fplib
                0x00000f8c       0x22 c:/program files (x86)/atmel/studio/7.0/toolchain/avr8/avr8-gnu-toolchain/bin/../lib/gcc/avr/5.4.0/../../../../avr/lib/avr5\libm.a(fp_round.o)
                0x00000f8c                __fp_round
 .text.avr-libc.fplib
                0x00000fae       0x44 c:/program files (x86)/atmel/studio/7.0/toolchain/avr8/avr8-gnu-toolchain/bin/../lib/gcc/avr/5.4.0/../../../../avr/lib/avr5\libm.a(fp_split3.o)
                0x00000fae                __fp_split3
                0x00000fbe                __fp_splitA
 .text.avr-libc.fplib
                0x00000ff2        0xe c:/program files (x86)/atmel/studio/7.0/toolchain/avr8/avr8-gnu-toolchain/bin/../lib/gcc/avr/5.4.0/../../../../avr/lib/avr5\libm.a(fp_zero.o)
                0x00000ff2                __fp_zero
                0x00000ff4                __fp_szero
 .text.avr-libc.fplib
                0x00001000        0xa c:/program files (x86)/atmel/studio/7.0/toolchain/avr8/avr8-gnu-toolchain/bin/../lib/gcc/avr/5.4.0/../../../../avr/lib/avr5\libm.a(gesf2.o)
                0x00001000                __gesf2
                0x00001000                __gtsf2
 .text.avr-libc.fplib
                0x0000100a        0x8 c:/program files (x86)/atmel/studio/7.0/toolchain/avr8/avr8-gnu-toolchain/bin/../lib/gcc/avr/5.4.0/../../../../avr/lib/avr5\libm.a(mulsf3.o)
                0x0000100a                __mulsf3
 .text.avr-libc.fplib
                0x00001012       0xd2 c:/program files (x86)/atmel/studio/7.0/toolchain/avr8/avr8-gnu-toolchain/bin/../lib/gcc/avr/5.4.0/../../../../avr/lib/avr5\libm.a(mulsf3x.o)
                0x00001030                __mulsf3x
                0x00001036                __mulsf3_pse
                0x000010e4                . = ALIGN (0x2)
 *(.fini9)
 .fini9         0x000010e4        0x0 c:/program files (x86)/atmel/studio/7.0/toolchain/avr8/avr8-gnu-toolchain/bin/../lib/gcc/avr/5.4.0/avr5\libgcc.a(_exit.o)
                0x000010e4                _exit
                0x000010e4                exit
 *(.fini9)
 *(.fini8)
 *(.fini8)
 *(.fini7)
 *(.fini7)
 *(.fini6)
 *(.fini6)
 *(.fini5)
 *(.fini5)
 *(.fini4)
 *(.fini4)
 *(.fini3)
 *(.fini3)
 *(.fini2)
 *(.fini2)
 *(.fini1)
 *(.fini1)
 *(.fini0)
 .fini0         0x000010e4        0x4 c:/program files (x86)/atmel/studio/7.0/toolchain/avr8/avr8-gnu-toolchain/bin/../lib/gcc/avr/5.4.0/avr5\libgcc.a(_exit.o)
 *(.fini0)
                0x000010e8                _etext = .

.data           0x00800060       0x1e load address 0x000010e8
                0x00800060                PROVIDE (__data_start, .)
 *(.data)
 *(.data*)
 .data.ledOrder
                0x00800060        0x1 APP/APP_prog.o
                0x00800060                ledOrder
 .data.carG_flag
                0x00800061        0x1 APP/APP_prog.o
                0x00800061                carG_flag
 .data.SW_AstrLEDs
                0x00800062       0x18 HAL/LED/LED_config.o
                0x00800062                SW_AstrLEDs
 .data.EXINT_AstrExINTConfig
                0x0080007a        0x3 MCAL/EX_Interrupt/EXINT_config.o
                0x0080007a                EXINT_AstrExINTConfig
 *(.gnu.linkonce.d*)
 *(.rodata)
 *(.rodata*)
 *(.gnu.linkonce.r*)
                0x0080007e                . = ALIGN (0x2)
 *fill*         0x0080007d        0x1 
                0x0080007e                _edata = .
                0x0080007e                PROVIDE (__data_end, .)

.bss            0x0080007e       0x17
                0x0080007e                PROVIDE (__bss_start, .)
 *(.bss)
 *(.bss*)
 .bss.carR_flag
                0x0080007e        0x1 APP/APP_prog.o
                0x0080007e                carR_flag
 .bss.carY_falg
                0x0080007f        0x1 APP/APP_prog.o
                0x0080007f                carY_falg
 .bss.EXINT_pvoidParameter
                0x00800080        0x2 MCAL/EX_Interrupt/EXINT_prog.o
                0x00800080                EXINT_pvoidParameter
 .bss.EXINT_pvoidfuncCallBack
                0x00800082        0x2 MCAL/EX_Interrupt/EXINT_prog.o
                0x00800082                EXINT_pvoidfuncCallBack
 .bss.counts.1707
                0x00800084        0x4 MCAL/Timer0/TIMER0_prog.o
 .bss.TIMER0_ApvoidParameters
                0x00800088        0x4 MCAL/Timer0/TIMER0_prog.o
 .bss.TIMER0_ApfuncCalledFuncs
                0x0080008c        0x4 MCAL/Timer0/TIMER0_prog.o
 .bss.TIMER0_uint32Preload
                0x00800090        0x1 MCAL/Timer0/TIMER0_prog.o
 .bss.TIMER0_uint32NumOVF
                0x00800091        0x4 MCAL/Timer0/TIMER0_prog.o
 *(COMMON)
                0x00800095                PROVIDE (__bss_end, .)
                0x000010e8                __data_load_start = LOADADDR (.data)
                0x00001106                __data_load_end = (__data_load_start + SIZEOF (.data))

.noinit         0x00800095        0x0
                [!provide]                PROVIDE (__noinit_start, .)
 *(.noinit*)
                [!provide]                PROVIDE (__noinit_end, .)
                0x00800095                _end = .
                [!provide]                PROVIDE (__heap_start, .)

.eeprom         0x00810000        0x0
 *(.eeprom*)
                0x00810000                __eeprom_end = .

.fuse
 *(.fuse)
 *(.lfuse)
 *(.hfuse)
 *(.efuse)

.lock
 *(.lock*)

.signature
 *(.signature*)

.user_signatures
 *(.user_signatures*)

.stab
 *(.stab)

.stabstr
 *(.stabstr)

.stab.excl
 *(.stab.excl)

.stab.exclstr
 *(.stab.exclstr)

.stab.index
 *(.stab.index)

.stab.indexstr
 *(.stab.indexstr)

.comment        0x00000000       0x30
 *(.comment)
 .comment       0x00000000       0x30 APP/APP_prog.o
                                 0x31 (size before relaxing)
 .comment       0x00000030       0x31 HAL/EX_Interrupt/hal_exint_prog.o
 .comment       0x00000030       0x31 HAL/LED/LED_config.o
 .comment       0x00000030       0x31 HAL/LED/LED_prog.o
 .comment       0x00000030       0x31 HAL/Timer0/hal_timer0_prog.o
 .comment       0x00000030       0x31 main.o
 .comment       0x00000030       0x31 MCAL/DIO/DIO_prog.o
 .comment       0x00000030       0x31 MCAL/EX_Interrupt/EXINT_config.o
 .comment       0x00000030       0x31 MCAL/EX_Interrupt/EXINT_prog.o
 .comment       0x00000030       0x31 MCAL/Timer0/TIMER0_prog.o

.note.gnu.avr.deviceinfo
                0x00000000       0x3c
 .note.gnu.avr.deviceinfo
                0x00000000       0x3c C:/Program Files (x86)/Atmel/Studio/7.0/Packs/atmel/ATmega_DFP/1.7.374/gcc/dev/atmega32/avr5/crtatmega32.o

.note.gnu.build-id
 *(.note.gnu.build-id)

.debug
 *(.debug)

.line
 *(.line)

.debug_srcinfo
 *(.debug_srcinfo)

.debug_sfnames
 *(.debug_sfnames)

.debug_aranges  0x00000000      0x2b0
 *(.debug_aranges)
 .debug_aranges
                0x00000000       0x30 APP/APP_prog.o
 .debug_aranges
                0x00000030       0x38 HAL/EX_Interrupt/hal_exint_prog.o
 .debug_aranges
                0x00000068       0x18 HAL/LED/LED_config.o
 .debug_aranges
                0x00000080       0x38 HAL/LED/LED_prog.o
 .debug_aranges
                0x000000b8       0x80 HAL/Timer0/hal_timer0_prog.o
 .debug_aranges
                0x00000138       0x20 main.o
 .debug_aranges
                0x00000158       0x60 MCAL/DIO/DIO_prog.o
 .debug_aranges
                0x000001b8       0x18 MCAL/EX_Interrupt/EXINT_config.o
 .debug_aranges
                0x000001d0       0x50 MCAL/EX_Interrupt/EXINT_prog.o
 .debug_aranges
                0x00000220       0x90 MCAL/Timer0/TIMER0_prog.o

.debug_pubnames
 *(.debug_pubnames)

.debug_info     0x00000000     0x279f
 *(.debug_info .gnu.linkonce.wi.*)
 .debug_info    0x00000000      0x4e6 C:/Program Files (x86)/Atmel/Studio/7.0/Packs/atmel/ATmega_DFP/1.7.374/gcc/dev/atmega32/avr5/crtatmega32.o
 .debug_info    0x000004e6      0x8a7 APP/APP_prog.o
 .debug_info    0x00000d8d      0x267 HAL/EX_Interrupt/hal_exint_prog.o
 .debug_info    0x00000ff4       0xeb HAL/LED/LED_config.o
 .debug_info    0x000010df      0x2ec HAL/LED/LED_prog.o
 .debug_info    0x000013cb      0x568 HAL/Timer0/hal_timer0_prog.o
 .debug_info    0x00001933       0xc7 main.o
 .debug_info    0x000019fa      0x396 MCAL/DIO/DIO_prog.o
 .debug_info    0x00001d90       0xdd MCAL/EX_Interrupt/EXINT_config.o
 .debug_info    0x00001e6d      0x30c MCAL/EX_Interrupt/EXINT_prog.o
 .debug_info    0x00002179      0x626 MCAL/Timer0/TIMER0_prog.o

.debug_abbrev   0x00000000      0xd41
 *(.debug_abbrev)
 .debug_abbrev  0x00000000      0x4a3 C:/Program Files (x86)/Atmel/Studio/7.0/Packs/atmel/ATmega_DFP/1.7.374/gcc/dev/atmega32/avr5/crtatmega32.o
 .debug_abbrev  0x000004a3      0x15d APP/APP_prog.o
 .debug_abbrev  0x00000600       0xc5 HAL/EX_Interrupt/hal_exint_prog.o
 .debug_abbrev  0x000006c5       0x67 HAL/LED/LED_config.o
 .debug_abbrev  0x0000072c      0x125 HAL/LED/LED_prog.o
 .debug_abbrev  0x00000851       0xc5 HAL/Timer0/hal_timer0_prog.o
 .debug_abbrev  0x00000916       0x80 main.o
 .debug_abbrev  0x00000996       0xb2 MCAL/DIO/DIO_prog.o
 .debug_abbrev  0x00000a48       0x67 MCAL/EX_Interrupt/EXINT_config.o
 .debug_abbrev  0x00000aaf      0x117 MCAL/EX_Interrupt/EXINT_prog.o
 .debug_abbrev  0x00000bc6      0x17b MCAL/Timer0/TIMER0_prog.o

.debug_line     0x00000000     0x1677
 *(.debug_line .debug_line.* .debug_line_end)
 .debug_line    0x00000000      0x116 C:/Program Files (x86)/Atmel/Studio/7.0/Packs/atmel/ATmega_DFP/1.7.374/gcc/dev/atmega32/avr5/crtatmega32.o
 .debug_line    0x00000116      0x319 APP/APP_prog.o
 .debug_line    0x0000042f      0x12b HAL/EX_Interrupt/hal_exint_prog.o
 .debug_line    0x0000055a       0x69 HAL/LED/LED_config.o
 .debug_line    0x000005c3      0x18e HAL/LED/LED_prog.o
 .debug_line    0x00000751      0x213 HAL/Timer0/hal_timer0_prog.o
 .debug_line    0x00000964       0x3f main.o
 .debug_line    0x000009a3      0x4d2 MCAL/DIO/DIO_prog.o
 .debug_line    0x00000e75       0x81 MCAL/EX_Interrupt/EXINT_config.o
 .debug_line    0x00000ef6      0x380 MCAL/EX_Interrupt/EXINT_prog.o
 .debug_line    0x00001276      0x401 MCAL/Timer0/TIMER0_prog.o

.debug_frame    0x00000000      0x69c
 *(.debug_frame)
 .debug_frame   0x00000000       0x58 APP/APP_prog.o
 .debug_frame   0x00000058       0x54 HAL/EX_Interrupt/hal_exint_prog.o
 .debug_frame   0x000000ac       0x64 HAL/LED/LED_prog.o
 .debug_frame   0x00000110       0xe4 HAL/Timer0/hal_timer0_prog.o
 .debug_frame   0x000001f4       0x24 main.o
 .debug_frame   0x00000218       0xa4 MCAL/DIO/DIO_prog.o
 .debug_frame   0x000002bc      0x15c MCAL/EX_Interrupt/EXINT_prog.o
 .debug_frame   0x00000418      0x284 MCAL/Timer0/TIMER0_prog.o

.debug_str      0x00000000      0xd3d
 *(.debug_str)
 .debug_str     0x00000000      0x196 C:/Program Files (x86)/Atmel/Studio/7.0/Packs/atmel/ATmega_DFP/1.7.374/gcc/dev/atmega32/avr5/crtatmega32.o
 .debug_str     0x00000196      0x40d APP/APP_prog.o
                                0x444 (size before relaxing)
 .debug_str     0x000005a3       0xeb HAL/EX_Interrupt/hal_exint_prog.o
                                0x3dc (size before relaxing)
 .debug_str     0x0000068e       0x71 HAL/LED/LED_config.o
                                0x222 (size before relaxing)
 .debug_str     0x000006ff       0x86 HAL/LED/LED_prog.o
                                0x3e8 (size before relaxing)
 .debug_str     0x00000785      0x2ef HAL/Timer0/hal_timer0_prog.o
                                0x621 (size before relaxing)
 .debug_str     0x00000a74       0x11 main.o
                                0x1c9 (size before relaxing)
 .debug_str     0x00000a85       0xc9 MCAL/DIO/DIO_prog.o
                                0x3cd (size before relaxing)
 .debug_str     0x00000b4e       0x80 MCAL/EX_Interrupt/EXINT_config.o
                                0x23a (size before relaxing)
 .debug_str     0x00000bce       0x70 MCAL/EX_Interrupt/EXINT_prog.o
                                0x45e (size before relaxing)
 .debug_str     0x00000c3e       0xff MCAL/Timer0/TIMER0_prog.o
                                0x5aa (size before relaxing)

.debug_loc      0x00000000     0x1dba
 *(.debug_loc)
 .debug_loc     0x00000000       0x85 APP/APP_prog.o
 .debug_loc     0x00000085       0xd0 HAL/EX_Interrupt/hal_exint_prog.o
 .debug_loc     0x00000155      0x244 HAL/LED/LED_prog.o
 .debug_loc     0x00000399      0x254 HAL/Timer0/hal_timer0_prog.o
 .debug_loc     0x000005ed      0x773 MCAL/DIO/DIO_prog.o
 .debug_loc     0x00000d60      0x664 MCAL/EX_Interrupt/EXINT_prog.o
 .debug_loc     0x000013c4      0x9f6 MCAL/Timer0/TIMER0_prog.o

.debug_macinfo
 *(.debug_macinfo)

.debug_weaknames
 *(.debug_weaknames)

.debug_funcnames
 *(.debug_funcnames)

.debug_typenames
 *(.debug_typenames)

.debug_varnames
 *(.debug_varnames)

.debug_pubtypes
 *(.debug_pubtypes)

.debug_ranges   0x00000000      0x218
 *(.debug_ranges)
 .debug_ranges  0x00000000       0x38 APP/APP_prog.o
 .debug_ranges  0x00000038       0x28 HAL/EX_Interrupt/hal_exint_prog.o
 .debug_ranges  0x00000060       0x28 HAL/LED/LED_prog.o
 .debug_ranges  0x00000088       0x70 HAL/Timer0/hal_timer0_prog.o
 .debug_ranges  0x000000f8       0x10 main.o
 .debug_ranges  0x00000108       0x50 MCAL/DIO/DIO_prog.o
 .debug_ranges  0x00000158       0x40 MCAL/EX_Interrupt/EXINT_prog.o
 .debug_ranges  0x00000198       0x80 MCAL/Timer0/TIMER0_prog.o

.debug_macro
 *(.debug_macro)
OUTPUT(On-demand Traffic light control.elf elf32-avr)
LOAD linker stubs
